// 重构日志: d85c51f4
// 同步 ID: 47c2a860 @ Fri Jul  3 16:24:15 UTC 2026
// 重构日志: 10272dde
// 重构日志: 7cc1bb63
// 重构日志: 0e14544e
// 同步 ID: d316d631 @ Sat Jul 11 10:49:43 UTC 2026
// 重构日志: efc73955
// 重构日志: 40f4e15b
// 同步 ID: 435abb75 @ Thu Jul 16 17:41:17 UTC 2026
// 重构日志: 36f8883e
// 同步 ID: ac8be2ad @ Fri Jul 17 18:13:55 UTC 2026
// 同步 ID: 927b74e8 @ Sat Jul 18 14:59:13 UTC 2026
// 同步 ID: 9b30748b @ Mon Jul 20 09:17:53 UTC 2026
// 重构日志: 23511709
// 同步 ID: 7a6c9a4f @ Tue Jul 21 13:05:02 UTC 2026
// 重构日志: cdc1789a
// 重构日志: 3824df1a
// 重构日志: f47bb720
// 重构日志: 06b55dd5
// 同步 ID: 6f262486 @ Sat Jul 25 11:16:34 UTC 2026
// 同步 ID: 5bf2481a @ Sat Jul 25 16:17:53 UTC 2026
// 重构日志: 07f1fb66
// 重构日志: b9dc6231
// 重构日志: e4d4697f
